{"action":{"identity":{"address":"N\u0000sourcecred\u0000core\u0000IDENTITY\u0000USER\u0000YX6zzoNxYwGgLduJqWVoAg\u0000","aliases":[],"id":"YX6zzoNxYwGgLduJqWVoAg","name":"dandelion","subtype":"USER"},"type":"CREATE_IDENTITY"},"ledgerTimestamp":1595960623457,"uuid":"Z2Yido2VZy7kZNFNQyOrGw","version":"1"}
{"action":{"identityId":"YX6zzoNxYwGgLduJqWVoAg","type":"TOGGLE_ACTIVATION"},"ledgerTimestamp":1595960669346,"uuid":"JSnR9q3hQmtrxCYW88q3Jw","version":"1"}
{"action":{"identity":{"address":"N\u0000sourcecred\u0000core\u0000IDENTITY\u0000USER\u0000mbzRr0D3A2wcD1E7p0H2rQ\u0000","aliases":[],"id":"mbzRr0D3A2wcD1E7p0H2rQ","name":"william","subtype":"USER"},"type":"CREATE_IDENTITY"},"ledgerTimestamp":1595960673321,"uuid":"pdZq9EQYh0HpR4faupeXww","version":"1"}
{"action":{"identityId":"mbzRr0D3A2wcD1E7p0H2rQ","type":"TOGGLE_ACTIVATION"},"ledgerTimestamp":1595960684984,"uuid":"lXJfGAKpX2C7eV7WQ13I8A","version":"1"}
{"action":{"identity":{"address":"N\u0000sourcecred\u0000core\u0000IDENTITY\u0000USER\u0000ytxt20G2QLd8Z135K0cyUA\u0000","aliases":[],"id":"ytxt20G2QLd8Z135K0cyUA","name":"beanow","subtype":"USER"},"type":"CREATE_IDENTITY"},"ledgerTimestamp":1595960693126,"uuid":"jEn2LpZRZ7he3wYCJ2DIBg","version":"1"}
{"action":{"distribution":{"allocations":[{"id":"UJowHzU5CNZ3UAOb3DLoWw","policy":{"budget":"1000000000000000000000","policyType":"BALANCED"},"receipts":[{"amount":"955230194734145601536","id":"YX6zzoNxYwGgLduJqWVoAg"},{"amount":"44769805265854398464","id":"mbzRr0D3A2wcD1E7p0H2rQ"}]}],"credTimestamp":1573344000000,"id":"8CoHqZMDRQ7L1Up6yVqjxQ"},"type":"DISTRIBUTE_GRAIN"},"ledgerTimestamp":1595960739869,"uuid":"R41nebRy7QkSwdWCZ1VW3w","version":"1"}
{"action":{"alias":{"address":"N\u0000sourcecred\u0000github\u0000USERLIKE\u0000USER\u0000decentralion\u0000","description":"github/[@decentralion](https://github.com/decentralion)"},"identityId":"YX6zzoNxYwGgLduJqWVoAg","type":"ADD_ALIAS"},"ledgerTimestamp":1597262443302,"uuid":"3RLLJxUomvSxJbEpVVK2eA","version":"1"}
{"action":{"alias":{"address":"N\u0000sourcecred\u0000discourse\u0000user\u0000https://sourcecred-test.discourse.group\u0000d11\u0000","description":"discourse/[@d11](https://sourcecred-test.discourse.group/u/d11/)"},"identityId":"YX6zzoNxYwGgLduJqWVoAg","type":"ADD_ALIAS"},"ledgerTimestamp":1597262447883,"uuid":"zY8JQIWaTVOj1wZFxRT8WA","version":"1"}
{"action":{"alias":{"address":"N\u0000sourcecred\u0000github\u0000USERLIKE\u0000USER\u0000wchargin\u0000","description":"github/[@wchargin](https://github.com/wchargin)"},"identityId":"mbzRr0D3A2wcD1E7p0H2rQ","type":"ADD_ALIAS"},"ledgerTimestamp":1597262451090,"uuid":"MD2dximdujtWjgb0ugq66Q","version":"1"}
{"action":{"alias":{"address":"N\u0000sourcecred\u0000discourse\u0000user\u0000https://sourcecred-test.discourse.group\u0000beanow.sc-test\u0000","description":"discourse/[@beanow.sc-test](https://sourcecred-test.discourse.group/u/beanow.sc-test/)"},"identityId":"ytxt20G2QLd8Z135K0cyUA","type":"ADD_ALIAS"},"ledgerTimestamp":1597262455180,"uuid":"YNlVkWQeF6bSODPQa3XrUw","version":"1"}
